[INFO] Scanning for projects...
[INFO] 
[INFO] ----------------------< com.zerolatency:backend >-----------------------
[INFO] Building backend 0.0.1-SNAPSHOT
[INFO]   from pom.xml
[INFO] --------------------------------[ jar ]---------------------------------
[INFO] 
[INFO] --- clean:3.5.0:clean (default-clean) @ backend ---
[INFO] Deleting C:\Users\Vu\personalProject\ZeroLatency\backend\target
[INFO] 
[INFO] --- resources:3.3.1:resources (default-resources) @ backend ---
[INFO] Copying 1 resource from src\main\resources to target\classes
[INFO] Copying 0 resource from src\main\resources to target\classes
[INFO] 
[INFO] --- compiler:3.14.1:compile (default-compile) @ backend ---
[INFO] Recompiling the module because of changed source code.
[INFO] Compiling 23 source files with javac [debug parameters release 21] to target\classes
[INFO] -------------------------------------------------------------
[ERROR] COMPILATION ERROR : 
[INFO] -------------------------------------------------------------
[ERROR] /C:/Users/Vu/personalProject/ZeroLatency/backend/src/main/java/com/zerolatency/backend/security/CustomUserDetailsService.java:[15,1] a type with the same simple name is already defined by the single-type-import of org.springframework.security.core.userdetails.User
[ERROR] /C:/Users/Vu/personalProject/ZeroLatency/backend/src/main/java/com/zerolatency/backend/security/CustomUserDetailsService.java:[26,9] reference to User is ambiguous
  both class org.springframework.security.core.userdetails.User in org.springframework.security.core.userdetails and class com.zerolatency.backend.model.User in com.zerolatency.backend.model match
[ERROR] /C:/Users/Vu/personalProject/ZeroLatency/backend/src/main/java/com/zerolatency/backend/security/CustomUserDetailsService.java:[35,20] reference to User is ambiguous
  both class org.springframework.security.core.userdetails.User in org.springframework.security.core.userdetails and class com.zerolatency.backend.model.User in com.zerolatency.backend.model match
[ERROR] /C:/Users/Vu/personalProject/ZeroLatency/backend/src/main/java/com/zerolatency/backend/security/CustomOAuth2UserService.java:[59,24] cannot find symbol
  symbol:   class users
  location: class com.zerolatency.backend.security.CustomOAuth2UserService
[ERROR] /C:/Users/Vu/personalProject/ZeroLatency/backend/src/main/java/com/zerolatency/backend/security/CustomOAuth2UserService.java:[60,17] cannot find symbol
  symbol:   method setEmail(java.lang.String)
  location: variable user of type com.zerolatency.backend.model.User
[ERROR] /C:/Users/Vu/personalProject/ZeroLatency/backend/src/main/java/com/zerolatency/backend/security/CustomOAuth2UserService.java:[61,17] cannot find symbol
  symbol:   method setUsername(name != nu[...]")[0])
  location: variable user of type com.zerolatency.backend.model.User
[ERROR] /C:/Users/Vu/personalProject/ZeroLatency/backend/src/main/java/com/zerolatency/backend/security/CustomOAuth2UserService.java:[62,17] cannot find symbol
  symbol:   method setProvider("google".e[...]ITHUB)
  location: variable user of type com.zerolatency.backend.model.User
[ERROR] /C:/Users/Vu/personalProject/ZeroLatency/backend/src/main/java/com/zerolatency/backend/security/CustomOAuth2UserService.java:[63,17] cannot find symbol
  symbol:   method setProviderId(java.lang.String)
  location: variable user of type com.zerolatency.backend.model.User
[ERROR] /C:/Users/Vu/personalProject/ZeroLatency/backend/src/main/java/com/zerolatency/backend/security/CustomOAuth2UserService.java:[64,17] cannot find symbol
  symbol:   method setProfilePicture(java.lang.String)
  location: variable user of type com.zerolatency.backend.model.User
[ERROR] /C:/Users/Vu/personalProject/ZeroLatency/backend/src/main/java/com/zerolatency/backend/security/CustomOAuth2UserService.java:[65,17] cannot find symbol
  symbol:   method setEnabled(boolean)
  location: variable user of type com.zerolatency.backend.model.User
[ERROR] /C:/Users/Vu/personalProject/ZeroLatency/backend/src/main/java/com/zerolatency/backend/security/CustomOAuth2UserService.java:[66,17] cannot find symbol
  symbol:   method setRole(java.lang.String)
  location: variable user of type com.zerolatency.backend.model.User
[ERROR] /C:/Users/Vu/personalProject/ZeroLatency/backend/src/main/java/com/zerolatency/backend/security/CustomOAuth2UserService.java:[68,17] cannot find symbol
  symbol:   method setPassword(<nulltype>)
  location: variable user of type com.zerolatency.backend.model.User
[ERROR] /C:/Users/Vu/personalProject/ZeroLatency/backend/src/main/java/com/zerolatency/backend/security/CustomOAuth2UserService.java:[71,17] cannot find symbol
  symbol:   method setProfilePicture(java.lang.String)
  location: variable user of type com.zerolatency.backend.model.User
[ERROR] /C:/Users/Vu/personalProject/ZeroLatency/backend/src/main/java/com/zerolatency/backend/security/CustomOAuth2UserService.java:[72,17] cannot find symbol
  symbol:   method setProviderId(java.lang.String)
  location: variable user of type com.zerolatency.backend.model.User
[ERROR] /C:/Users/Vu/personalProject/ZeroLatency/backend/src/main/java/com/zerolatency/backend/controller/UserController.java:[46,57] cannot find symbol
  symbol:   method getUsername()
  location: variable user of type com.zerolatency.backend.dto.UsernameRequest
[ERROR] /C:/Users/Vu/personalProject/ZeroLatency/backend/src/main/java/com/zerolatency/backend/controller/UserController.java:[60,50] cannot find symbol
  symbol:   method getUsername()
  location: variable request of type com.zerolatency.backend.dto.LoginRequest
[ERROR] /C:/Users/Vu/personalProject/ZeroLatency/backend/src/main/java/com/zerolatency/backend/controller/UserController.java:[60,73] cannot find symbol
  symbol:   method getPassword()
  location: variable request of type com.zerolatency.backend.dto.LoginRequest
[ERROR] /C:/Users/Vu/personalProject/ZeroLatency/backend/src/main/java/com/zerolatency/backend/controller/UserController.java:[63,62] cannot find symbol
  symbol:   method getUsername()
  location: variable user of type com.zerolatency.backend.model.User
[ERROR] /C:/Users/Vu/personalProject/ZeroLatency/backend/src/main/java/com/zerolatency/backend/controller/UserController.java:[81,28] cannot find symbol
  symbol:   method getUsername()
  location: variable request of type com.zerolatency.backend.dto.RegisterRequest
[ERROR] /C:/Users/Vu/personalProject/ZeroLatency/backend/src/main/java/com/zerolatency/backend/controller/UserController.java:[82,28] cannot find symbol
  symbol:   method getEmail()
  location: variable request of type com.zerolatency.backend.dto.RegisterRequest
[ERROR] /C:/Users/Vu/personalProject/ZeroLatency/backend/src/main/java/com/zerolatency/backend/controller/UserController.java:[83,28] cannot find symbol
  symbol:   method getPassword()
  location: variable request of type com.zerolatency.backend.dto.RegisterRequest
[ERROR] /C:/Users/Vu/personalProject/ZeroLatency/backend/src/main/java/com/zerolatency/backend/controller/UserController.java:[86,58] cannot find symbol
  symbol:   method getUsername()
  location: variable user of type com.zerolatency.backend.model.User
[ERROR] /C:/Users/Vu/personalProject/ZeroLatency/backend/src/main/java/com/zerolatency/backend/controller/UserController.java:[235,73] cannot find symbol
  symbol:   method getUsername()
  location: variable user of type com.zerolatency.backend.model.User
[ERROR] /C:/Users/Vu/personalProject/ZeroLatency/backend/src/main/java/com/zerolatency/backend/controller/UserController.java:[239,17] cannot find symbol
  symbol:   method setTwoFactorSecret(java.lang.String)
  location: variable user of type com.zerolatency.backend.model.User
[ERROR] /C:/Users/Vu/personalProject/ZeroLatency/backend/src/main/java/com/zerolatency/backend/controller/UserController.java:[240,17] cannot find symbol
  symbol:   method setBackupCodes(java.lang.String)
  location: variable user of type com.zerolatency.backend.model.User
[ERROR] /C:/Users/Vu/personalProject/ZeroLatency/backend/src/main/java/com/zerolatency/backend/controller/UserController.java:[262,37] cannot find symbol
  symbol:   method getTwoFactorSecret()
  location: variable user of type com.zerolatency.backend.model.User
[ERROR] /C:/Users/Vu/personalProject/ZeroLatency/backend/src/main/java/com/zerolatency/backend/controller/UserController.java:[268,50] cannot find symbol
  symbol:   method getTwoFactorSecret()
  location: variable user of type com.zerolatency.backend.model.User
[ERROR] /C:/Users/Vu/personalProject/ZeroLatency/backend/src/main/java/com/zerolatency/backend/controller/UserController.java:[274,17] cannot find symbol
  symbol:   method setTwoFactorEnabled(boolean)
  location: variable user of type com.zerolatency.backend.model.User
[ERROR] /C:/Users/Vu/personalProject/ZeroLatency/backend/src/main/java/com/zerolatency/backend/controller/UserController.java:[293,38] cannot find symbol
  symbol:   method getTwoFactorEnabled()
  location: variable user of type com.zerolatency.backend.model.User
[ERROR] /C:/Users/Vu/personalProject/ZeroLatency/backend/src/main/java/com/zerolatency/backend/controller/UserController.java:[299,40] cannot find symbol
  symbol:   method getBackupCodes()
  location: variable user of type com.zerolatency.backend.model.User
[ERROR] /C:/Users/Vu/personalProject/ZeroLatency/backend/src/main/java/com/zerolatency/backend/controller/UserController.java:[305,47] cannot find symbol
  symbol:   method getBackupCodes()
  location: variable user of type com.zerolatency.backend.model.User
[ERROR] /C:/Users/Vu/personalProject/ZeroLatency/backend/src/main/java/com/zerolatency/backend/controller/UserController.java:[306,25] cannot find symbol
  symbol:   method setBackupCodes(java.lang.String)
  location: variable user of type com.zerolatency.backend.model.User
[ERROR] /C:/Users/Vu/personalProject/ZeroLatency/backend/src/main/java/com/zerolatency/backend/controller/UserController.java:[312,67] cannot find symbol
  symbol:   method getTwoFactorSecret()
  location: variable user of type com.zerolatency.backend.model.User
[ERROR] /C:/Users/Vu/personalProject/ZeroLatency/backend/src/main/java/com/zerolatency/backend/controller/UserController.java:[349,17] cannot find symbol
  symbol:   method setTwoFactorEnabled(boolean)
  location: variable user of type com.zerolatency.backend.model.User
[ERROR] /C:/Users/Vu/personalProject/ZeroLatency/backend/src/main/java/com/zerolatency/backend/controller/UserController.java:[350,17] cannot find symbol
  symbol:   method setTwoFactorSecret(<nulltype>)
  location: variable user of type com.zerolatency.backend.model.User
[ERROR] /C:/Users/Vu/personalProject/ZeroLatency/backend/src/main/java/com/zerolatency/backend/controller/UserController.java:[351,17] cannot find symbol
  symbol:   method setBackupCodes(<nulltype>)
  location: variable user of type com.zerolatency.backend.model.User
[ERROR] /C:/Users/Vu/personalProject/ZeroLatency/backend/src/main/java/com/zerolatency/backend/service/UserService.java:[59,33] cannot find symbol
  symbol:   method getPassword()
  location: variable user of type com.zerolatency.backend.model.User
[ERROR] /C:/Users/Vu/personalProject/ZeroLatency/backend/src/main/java/com/zerolatency/backend/service/UserService.java:[60,58] cannot find symbol
  symbol:   method getPassword()
  location: variable user of type com.zerolatency.backend.model.User
[ERROR] /C:/Users/Vu/personalProject/ZeroLatency/backend/src/main/java/com/zerolatency/backend/service/UserService.java:[67,33] cannot find symbol
  symbol:   method getPassword()
  location: variable user of type com.zerolatency.backend.model.User
[ERROR] /C:/Users/Vu/personalProject/ZeroLatency/backend/src/main/java/com/zerolatency/backend/service/UserService.java:[68,55] cannot find symbol
  symbol:   method getPassword()
  location: variable user of type com.zerolatency.backend.model.User
[ERROR] /C:/Users/Vu/personalProject/ZeroLatency/backend/src/main/java/com/zerolatency/backend/service/UserService.java:[84,25] cannot find symbol
  symbol:   class users
  location: class com.zerolatency.backend.service.UserService
[ERROR] /C:/Users/Vu/personalProject/ZeroLatency/backend/src/main/java/com/zerolatency/backend/service/UserService.java:[85,13] cannot find symbol
  symbol:   method setUsername(java.lang.String)
  location: variable user of type com.zerolatency.backend.model.User
[ERROR] /C:/Users/Vu/personalProject/ZeroLatency/backend/src/main/java/com/zerolatency/backend/service/UserService.java:[86,13] cannot find symbol
  symbol:   method setEmail(java.lang.String)
  location: variable user of type com.zerolatency.backend.model.User
[ERROR] /C:/Users/Vu/personalProject/ZeroLatency/backend/src/main/java/com/zerolatency/backend/service/UserService.java:[87,13] cannot find symbol
  symbol:   method setPassword(java.lang.String)
  location: variable user of type com.zerolatency.backend.model.User
[ERROR] /C:/Users/Vu/personalProject/ZeroLatency/backend/src/main/java/com/zerolatency/backend/service/UserService.java:[88,13] cannot find symbol
  symbol:   method setRole(java.lang.String)
  location: variable user of type com.zerolatency.backend.model.User
[ERROR] /C:/Users/Vu/personalProject/ZeroLatency/backend/src/main/java/com/zerolatency/backend/service/UserService.java:[89,13] cannot find symbol
  symbol:   method setProvider(com.zerolatency.backend.model.AuthProvider)
  location: variable user of type com.zerolatency.backend.model.User
[ERROR] /C:/Users/Vu/personalProject/ZeroLatency/backend/src/main/java/com/zerolatency/backend/service/UserService.java:[90,13] cannot find symbol
  symbol:   method setEnabled(boolean)
  location: variable user of type com.zerolatency.backend.model.User
[ERROR] /C:/Users/Vu/personalProject/ZeroLatency/backend/src/main/java/com/zerolatency/backend/service/UserService.java:[123,21] cannot find symbol
  symbol:   method getProfilePicture()
  location: variable user of type com.zerolatency.backend.model.User
[ERROR] /C:/Users/Vu/personalProject/ZeroLatency/backend/src/main/java/com/zerolatency/backend/service/UserService.java:[122,21] cannot find symbol
  symbol:   method getProvider()
  location: variable user of type com.zerolatency.backend.model.User
[ERROR] /C:/Users/Vu/personalProject/ZeroLatency/backend/src/main/java/com/zerolatency/backend/service/UserService.java:[122,50] cannot find symbol
  symbol:   method getProvider()
  location: variable user of type com.zerolatency.backend.model.User
[ERROR] /C:/Users/Vu/personalProject/ZeroLatency/backend/src/main/java/com/zerolatency/backend/service/UserService.java:[121,21] cannot find symbol
  symbol:   method getRole()
  location: variable user of type com.zerolatency.backend.model.User
[ERROR] /C:/Users/Vu/personalProject/ZeroLatency/backend/src/main/java/com/zerolatency/backend/service/UserService.java:[120,21] cannot find symbol
  symbol:   method getEmail()
  location: variable user of type com.zerolatency.backend.model.User
[ERROR] /C:/Users/Vu/personalProject/ZeroLatency/backend/src/main/java/com/zerolatency/backend/service/UserService.java:[119,21] cannot find symbol
  symbol:   method getUsername()
  location: variable user of type com.zerolatency.backend.model.User
[ERROR] /C:/Users/Vu/personalProject/ZeroLatency/backend/src/main/java/com/zerolatency/backend/service/UserService.java:[118,21] cannot find symbol
  symbol:   method getUserId()
  location: variable user of type com.zerolatency.backend.model.User
[ERROR] /C:/Users/Vu/personalProject/ZeroLatency/backend/src/main/java/com/zerolatency/backend/service/UserService.java:[142,49] cannot find symbol
  symbol:   method getEmail()
  location: variable user of type com.zerolatency.backend.model.User
[ERROR] /C:/Users/Vu/personalProject/ZeroLatency/backend/src/main/java/com/zerolatency/backend/service/UserService.java:[159,13] cannot find symbol
  symbol:   method setPassword(java.lang.String)
  location: variable user of type com.zerolatency.backend.model.User
[ERROR] /C:/Users/Vu/personalProject/ZeroLatency/backend/src/main/java/com/zerolatency/backend/service/UserService.java:[177,13] cannot find symbol
  symbol:   method setEmailVerificationToken(java.lang.String)
  location: variable user of type com.zerolatency.backend.model.User
[ERROR] /C:/Users/Vu/personalProject/ZeroLatency/backend/src/main/java/com/zerolatency/backend/service/UserService.java:[181,48] cannot find symbol
  symbol:   method getEmail()
  location: variable user of type com.zerolatency.backend.model.User
[ERROR] /C:/Users/Vu/personalProject/ZeroLatency/backend/src/main/java/com/zerolatency/backend/service/UserService.java:[194,13] cannot find symbol
  symbol:   method setEmailVerified(boolean)
  location: variable user of type com.zerolatency.backend.model.User
[ERROR] /C:/Users/Vu/personalProject/ZeroLatency/backend/src/main/java/com/zerolatency/backend/service/UserService.java:[195,13] cannot find symbol
  symbol:   method setEmailVerificationToken(<nulltype>)
  location: variable user of type com.zerolatency.backend.model.User
[ERROR] /C:/Users/Vu/personalProject/ZeroLatency/backend/src/main/java/com/zerolatency/backend/service/UserService.java:[208,17] cannot find symbol
  symbol:   method getEmailVerified()
  location: variable user of type com.zerolatency.backend.model.User
[ERROR] /C:/Users/Vu/personalProject/ZeroLatency/backend/src/main/java/com/zerolatency/backend/service/UserService.java:[213,17] cannot find symbol
  symbol:   method getEmailVerificationToken()
  location: variable user of type com.zerolatency.backend.model.User
[ERROR] /C:/Users/Vu/personalProject/ZeroLatency/backend/src/main/java/com/zerolatency/backend/service/UserService.java:[214,56] cannot find symbol
  symbol:   method getEmailVerificationToken()
  location: variable user of type com.zerolatency.backend.model.User
[INFO] 63 errors 
[INFO] -------------------------------------------------------------
[INFO] ------------------------------------------------------------------------
[INFO] BUILD FAILURE
[INFO] ------------------------------------------------------------------------
[INFO] Total time:  1.798 s
[INFO] Finished at: 2026-01-19T13:57:06+07:00
[INFO] ------------------------------------------------------------------------
[ERROR] Failed to execute goal org.apache.maven.plugins:maven-compiler-plugin:3.14.1:compile (default-compile) on project backend: Compilation failure: Compilation failure: 
[ERROR] /C:/Users/Vu/personalProject/ZeroLatency/backend/src/main/java/com/zerolatency/backend/security/CustomUserDetailsService.java:[15,1] a type with the same simple name is already defined by the single-type-import of org.springframework.security.core.userdetails.User
[ERROR] /C:/Users/Vu/personalProject/ZeroLatency/backend/src/main/java/com/zerolatency/backend/security/CustomUserDetailsService.java:[26,9] reference to User is ambiguous
[ERROR]   both class org.springframework.security.core.userdetails.User in org.springframework.security.core.userdetails and class com.zerolatency.backend.model.User in com.zerolatency.backend.model match
[ERROR] /C:/Users/Vu/personalProject/ZeroLatency/backend/src/main/java/com/zerolatency/backend/security/CustomUserDetailsService.java:[35,20] reference to User is ambiguous
[ERROR]   both class org.springframework.security.core.userdetails.User in org.springframework.security.core.userdetails and class com.zerolatency.backend.model.User in com.zerolatency.backend.model match
[ERROR] /C:/Users/Vu/personalProject/ZeroLatency/backend/src/main/java/com/zerolatency/backend/security/CustomOAuth2UserService.java:[59,24] cannot find symbol
[ERROR]   symbol:   class users
[ERROR]   location: class com.zerolatency.backend.security.CustomOAuth2UserService
[ERROR] /C:/Users/Vu/personalProject/ZeroLatency/backend/src/main/java/com/zerolatency/backend/security/CustomOAuth2UserService.java:[60,17] cannot find symbol
[ERROR]   symbol:   method setEmail(java.lang.String)
[ERROR]   location: variable user of type com.zerolatency.backend.model.User
[ERROR] /C:/Users/Vu/personalProject/ZeroLatency/backend/src/main/java/com/zerolatency/backend/security/CustomOAuth2UserService.java:[61,17] cannot find symbol
[ERROR]   symbol:   method setUsername(name != nu[...]")[0])
[ERROR]   location: variable user of type com.zerolatency.backend.model.User
[ERROR] /C:/Users/Vu/personalProject/ZeroLatency/backend/src/main/java/com/zerolatency/backend/security/CustomOAuth2UserService.java:[62,17] cannot find symbol
[ERROR]   symbol:   method setProvider("google".e[...]ITHUB)
[ERROR]   location: variable user of type com.zerolatency.backend.model.User
[ERROR] /C:/Users/Vu/personalProject/ZeroLatency/backend/src/main/java/com/zerolatency/backend/security/CustomOAuth2UserService.java:[63,17] cannot find symbol
[ERROR]   symbol:   method setProviderId(java.lang.String)
[ERROR]   location: variable user of type com.zerolatency.backend.model.User
[ERROR] /C:/Users/Vu/personalProject/ZeroLatency/backend/src/main/java/com/zerolatency/backend/security/CustomOAuth2UserService.java:[64,17] cannot find symbol
[ERROR]   symbol:   method setProfilePicture(java.lang.String)
[ERROR]   location: variable user of type com.zerolatency.backend.model.User
[ERROR] /C:/Users/Vu/personalProject/ZeroLatency/backend/src/main/java/com/zerolatency/backend/security/CustomOAuth2UserService.java:[65,17] cannot find symbol
[ERROR]   symbol:   method setEnabled(boolean)
[ERROR]   location: variable user of type com.zerolatency.backend.model.User
[ERROR] /C:/Users/Vu/personalProject/ZeroLatency/backend/src/main/java/com/zerolatency/backend/security/CustomOAuth2UserService.java:[66,17] cannot find symbol
[ERROR]   symbol:   method setRole(java.lang.String)
[ERROR]   location: variable user of type com.zerolatency.backend.model.User
[ERROR] /C:/Users/Vu/personalProject/ZeroLatency/backend/src/main/java/com/zerolatency/backend/security/CustomOAuth2UserService.java:[68,17] cannot find symbol
[ERROR]   symbol:   method setPassword(<nulltype>)
[ERROR]   location: variable user of type com.zerolatency.backend.model.User
[ERROR] /C:/Users/Vu/personalProject/ZeroLatency/backend/src/main/java/com/zerolatency/backend/security/CustomOAuth2UserService.java:[71,17] cannot find symbol
[ERROR]   symbol:   method setProfilePicture(java.lang.String)
[ERROR]   location: variable user of type com.zerolatency.backend.model.User
[ERROR] /C:/Users/Vu/personalProject/ZeroLatency/backend/src/main/java/com/zerolatency/backend/security/CustomOAuth2UserService.java:[72,17] cannot find symbol
[ERROR]   symbol:   method setProviderId(java.lang.String)
[ERROR]   location: variable user of type com.zerolatency.backend.model.User
[ERROR] /C:/Users/Vu/personalProject/ZeroLatency/backend/src/main/java/com/zerolatency/backend/controller/UserController.java:[46,57] cannot find symbol
[ERROR]   symbol:   method getUsername()
[ERROR]   location: variable user of type com.zerolatency.backend.dto.UsernameRequest
[ERROR] /C:/Users/Vu/personalProject/ZeroLatency/backend/src/main/java/com/zerolatency/backend/controller/UserController.java:[60,50] cannot find symbol
[ERROR]   symbol:   method getUsername()
[ERROR]   location: variable request of type com.zerolatency.backend.dto.LoginRequest
[ERROR] /C:/Users/Vu/personalProject/ZeroLatency/backend/src/main/java/com/zerolatency/backend/controller/UserController.java:[60,73] cannot find symbol
[ERROR]   symbol:   method getPassword()
[ERROR]   location: variable request of type com.zerolatency.backend.dto.LoginRequest
[ERROR] /C:/Users/Vu/personalProject/ZeroLatency/backend/src/main/java/com/zerolatency/backend/controller/UserController.java:[63,62] cannot find symbol
[ERROR]   symbol:   method getUsername()
[ERROR]   location: variable user of type com.zerolatency.backend.model.User
[ERROR] /C:/Users/Vu/personalProject/ZeroLatency/backend/src/main/java/com/zerolatency/backend/controller/UserController.java:[81,28] cannot find symbol
[ERROR]   symbol:   method getUsername()
[ERROR]   location: variable request of type com.zerolatency.backend.dto.RegisterRequest
[ERROR] /C:/Users/Vu/personalProject/ZeroLatency/backend/src/main/java/com/zerolatency/backend/controller/UserController.java:[82,28] cannot find symbol
[ERROR]   symbol:   method getEmail()
[ERROR]   location: variable request of type com.zerolatency.backend.dto.RegisterRequest
[ERROR] /C:/Users/Vu/personalProject/ZeroLatency/backend/src/main/java/com/zerolatency/backend/controller/UserController.java:[83,28] cannot find symbol
[ERROR]   symbol:   method getPassword()
[ERROR]   location: variable request of type com.zerolatency.backend.dto.RegisterRequest
[ERROR] /C:/Users/Vu/personalProject/ZeroLatency/backend/src/main/java/com/zerolatency/backend/controller/UserController.java:[86,58] cannot find symbol
[ERROR]   symbol:   method getUsername()
[ERROR]   location: variable user of type com.zerolatency.backend.model.User
[ERROR] /C:/Users/Vu/personalProject/ZeroLatency/backend/src/main/java/com/zerolatency/backend/controller/UserController.java:[235,73] cannot find symbol
[ERROR]   symbol:   method getUsername()
[ERROR]   location: variable user of type com.zerolatency.backend.model.User
[ERROR] /C:/Users/Vu/personalProject/ZeroLatency/backend/src/main/java/com/zerolatency/backend/controller/UserController.java:[239,17] cannot find symbol
[ERROR]   symbol:   method setTwoFactorSecret(java.lang.String)
[ERROR]   location: variable user of type com.zerolatency.backend.model.User
[ERROR] /C:/Users/Vu/personalProject/ZeroLatency/backend/src/main/java/com/zerolatency/backend/controller/UserController.java:[240,17] cannot find symbol
[ERROR]   symbol:   method setBackupCodes(java.lang.String)
[ERROR]   location: variable user of type com.zerolatency.backend.model.User
[ERROR] /C:/Users/Vu/personalProject/ZeroLatency/backend/src/main/java/com/zerolatency/backend/controller/UserController.java:[262,37] cannot find symbol
[ERROR]   symbol:   method getTwoFactorSecret()
[ERROR]   location: variable user of type com.zerolatency.backend.model.User
[ERROR] /C:/Users/Vu/personalProject/ZeroLatency/backend/src/main/java/com/zerolatency/backend/controller/UserController.java:[268,50] cannot find symbol
[ERROR]   symbol:   method getTwoFactorSecret()
[ERROR]   location: variable user of type com.zerolatency.backend.model.User
[ERROR] /C:/Users/Vu/personalProject/ZeroLatency/backend/src/main/java/com/zerolatency/backend/controller/UserController.java:[274,17] cannot find symbol
[ERROR]   symbol:   method setTwoFactorEnabled(boolean)
[ERROR]   location: variable user of type com.zerolatency.backend.model.User
[ERROR] /C:/Users/Vu/personalProject/ZeroLatency/backend/src/main/java/com/zerolatency/backend/controller/UserController.java:[293,38] cannot find symbol
[ERROR]   symbol:   method getTwoFactorEnabled()
[ERROR]   location: variable user of type com.zerolatency.backend.model.User
[ERROR] /C:/Users/Vu/personalProject/ZeroLatency/backend/src/main/java/com/zerolatency/backend/controller/UserController.java:[299,40] cannot find symbol
[ERROR]   symbol:   method getBackupCodes()
[ERROR]   location: variable user of type com.zerolatency.backend.model.User
[ERROR] /C:/Users/Vu/personalProject/ZeroLatency/backend/src/main/java/com/zerolatency/backend/controller/UserController.java:[305,47] cannot find symbol
[ERROR]   symbol:   method getBackupCodes()
[ERROR]   location: variable user of type com.zerolatency.backend.model.User
[ERROR] /C:/Users/Vu/personalProject/ZeroLatency/backend/src/main/java/com/zerolatency/backend/controller/UserController.java:[306,25] cannot find symbol
[ERROR]   symbol:   method setBackupCodes(java.lang.String)
[ERROR]   location: variable user of type com.zerolatency.backend.model.User
[ERROR] /C:/Users/Vu/personalProject/ZeroLatency/backend/src/main/java/com/zerolatency/backend/controller/UserController.java:[312,67] cannot find symbol
[ERROR]   symbol:   method getTwoFactorSecret()
[ERROR]   location: variable user of type com.zerolatency.backend.model.User
[ERROR] /C:/Users/Vu/personalProject/ZeroLatency/backend/src/main/java/com/zerolatency/backend/controller/UserController.java:[349,17] cannot find symbol
[ERROR]   symbol:   method setTwoFactorEnabled(boolean)
[ERROR]   location: variable user of type com.zerolatency.backend.model.User
[ERROR] /C:/Users/Vu/personalProject/ZeroLatency/backend/src/main/java/com/zerolatency/backend/controller/UserController.java:[350,17] cannot find symbol
[ERROR]   symbol:   method setTwoFactorSecret(<nulltype>)
[ERROR]   location: variable user of type com.zerolatency.backend.model.User
[ERROR] /C:/Users/Vu/personalProject/ZeroLatency/backend/src/main/java/com/zerolatency/backend/controller/UserController.java:[351,17] cannot find symbol
[ERROR]   symbol:   method setBackupCodes(<nulltype>)
[ERROR]   location: variable user of type com.zerolatency.backend.model.User
[ERROR] /C:/Users/Vu/personalProject/ZeroLatency/backend/src/main/java/com/zerolatency/backend/service/UserService.java:[59,33] cannot find symbol
[ERROR]   symbol:   method getPassword()
[ERROR]   location: variable user of type com.zerolatency.backend.model.User
[ERROR] /C:/Users/Vu/personalProject/ZeroLatency/backend/src/main/java/com/zerolatency/backend/service/UserService.java:[60,58] cannot find symbol
[ERROR]   symbol:   method getPassword()
[ERROR]   location: variable user of type com.zerolatency.backend.model.User
[ERROR] /C:/Users/Vu/personalProject/ZeroLatency/backend/src/main/java/com/zerolatency/backend/service/UserService.java:[67,33] cannot find symbol
[ERROR]   symbol:   method getPassword()
[ERROR]   location: variable user of type com.zerolatency.backend.model.User
[ERROR] /C:/Users/Vu/personalProject/ZeroLatency/backend/src/main/java/com/zerolatency/backend/service/UserService.java:[68,55] cannot find symbol
[ERROR]   symbol:   method getPassword()
[ERROR]   location: variable user of type com.zerolatency.backend.model.User
[ERROR] /C:/Users/Vu/personalProject/ZeroLatency/backend/src/main/java/com/zerolatency/backend/service/UserService.java:[84,25] cannot find symbol
[ERROR]   symbol:   class users
[ERROR]   location: class com.zerolatency.backend.service.UserService
[ERROR] /C:/Users/Vu/personalProject/ZeroLatency/backend/src/main/java/com/zerolatency/backend/service/UserService.java:[85,13] cannot find symbol
[ERROR]   symbol:   method setUsername(java.lang.String)
[ERROR]   location: variable user of type com.zerolatency.backend.model.User
[ERROR] /C:/Users/Vu/personalProject/ZeroLatency/backend/src/main/java/com/zerolatency/backend/service/UserService.java:[86,13] cannot find symbol
[ERROR]   symbol:   method setEmail(java.lang.String)
[ERROR]   location: variable user of type com.zerolatency.backend.model.User
[ERROR] /C:/Users/Vu/personalProject/ZeroLatency/backend/src/main/java/com/zerolatency/backend/service/UserService.java:[87,13] cannot find symbol
[ERROR]   symbol:   method setPassword(java.lang.String)
[ERROR]   location: variable user of type com.zerolatency.backend.model.User
[ERROR] /C:/Users/Vu/personalProject/ZeroLatency/backend/src/main/java/com/zerolatency/backend/service/UserService.java:[88,13] cannot find symbol
[ERROR]   symbol:   method setRole(java.lang.String)
[ERROR]   location: variable user of type com.zerolatency.backend.model.User
[ERROR] /C:/Users/Vu/personalProject/ZeroLatency/backend/src/main/java/com/zerolatency/backend/service/UserService.java:[89,13] cannot find symbol
[ERROR]   symbol:   method setProvider(com.zerolatency.backend.model.AuthProvider)
[ERROR]   location: variable user of type com.zerolatency.backend.model.User
[ERROR] /C:/Users/Vu/personalProject/ZeroLatency/backend/src/main/java/com/zerolatency/backend/service/UserService.java:[90,13] cannot find symbol
[ERROR]   symbol:   method setEnabled(boolean)
[ERROR]   location: variable user of type com.zerolatency.backend.model.User
[ERROR] /C:/Users/Vu/personalProject/ZeroLatency/backend/src/main/java/com/zerolatency/backend/service/UserService.java:[123,21] cannot find symbol
[ERROR]   symbol:   method getProfilePicture()
[ERROR]   location: variable user of type com.zerolatency.backend.model.User
[ERROR] /C:/Users/Vu/personalProject/ZeroLatency/backend/src/main/java/com/zerolatency/backend/service/UserService.java:[122,21] cannot find symbol
[ERROR]   symbol:   method getProvider()
[ERROR]   location: variable user of type com.zerolatency.backend.model.User
[ERROR] /C:/Users/Vu/personalProject/ZeroLatency/backend/src/main/java/com/zerolatency/backend/service/UserService.java:[122,50] cannot find symbol
[ERROR]   symbol:   method getProvider()
[ERROR]   location: variable user of type com.zerolatency.backend.model.User
[ERROR] /C:/Users/Vu/personalProject/ZeroLatency/backend/src/main/java/com/zerolatency/backend/service/UserService.java:[121,21] cannot find symbol
[ERROR]   symbol:   method getRole()
[ERROR]   location: variable user of type com.zerolatency.backend.model.User
[ERROR] /C:/Users/Vu/personalProject/ZeroLatency/backend/src/main/java/com/zerolatency/backend/service/UserService.java:[120,21] cannot find symbol
[ERROR]   symbol:   method getEmail()
[ERROR]   location: variable user of type com.zerolatency.backend.model.User
[ERROR] /C:/Users/Vu/personalProject/ZeroLatency/backend/src/main/java/com/zerolatency/backend/service/UserService.java:[119,21] cannot find symbol
[ERROR]   symbol:   method getUsername()
[ERROR]   location: variable user of type com.zerolatency.backend.model.User
[ERROR] /C:/Users/Vu/personalProject/ZeroLatency/backend/src/main/java/com/zerolatency/backend/service/UserService.java:[118,21] cannot find symbol
[ERROR]   symbol:   method getUserId()
[ERROR]   location: variable user of type com.zerolatency.backend.model.User
[ERROR] /C:/Users/Vu/personalProject/ZeroLatency/backend/src/main/java/com/zerolatency/backend/service/UserService.java:[142,49] cannot find symbol
[ERROR]   symbol:   method getEmail()
[ERROR]   location: variable user of type com.zerolatency.backend.model.User
[ERROR] /C:/Users/Vu/personalProject/ZeroLatency/backend/src/main/java/com/zerolatency/backend/service/UserService.java:[159,13] cannot find symbol
[ERROR]   symbol:   method setPassword(java.lang.String)
[ERROR]   location: variable user of type com.zerolatency.backend.model.User
[ERROR] /C:/Users/Vu/personalProject/ZeroLatency/backend/src/main/java/com/zerolatency/backend/service/UserService.java:[177,13] cannot find symbol
[ERROR]   symbol:   method setEmailVerificationToken(java.lang.String)
[ERROR]   location: variable user of type com.zerolatency.backend.model.User
[ERROR] /C:/Users/Vu/personalProject/ZeroLatency/backend/src/main/java/com/zerolatency/backend/service/UserService.java:[181,48] cannot find symbol
[ERROR]   symbol:   method getEmail()
[ERROR]   location: variable user of type com.zerolatency.backend.model.User
[ERROR] /C:/Users/Vu/personalProject/ZeroLatency/backend/src/main/java/com/zerolatency/backend/service/UserService.java:[194,13] cannot find symbol
[ERROR]   symbol:   method setEmailVerified(boolean)
[ERROR]   location: variable user of type com.zerolatency.backend.model.User
[ERROR] /C:/Users/Vu/personalProject/ZeroLatency/backend/src/main/java/com/zerolatency/backend/service/UserService.java:[195,13] cannot find symbol
[ERROR]   symbol:   method setEmailVerificationToken(<nulltype>)
[ERROR]   location: variable user of type com.zerolatency.backend.model.User
[ERROR] /C:/Users/Vu/personalProject/ZeroLatency/backend/src/main/java/com/zerolatency/backend/service/UserService.java:[208,17] cannot find symbol
[ERROR]   symbol:   method getEmailVerified()
[ERROR]   location: variable user of type com.zerolatency.backend.model.User
[ERROR] /C:/Users/Vu/personalProject/ZeroLatency/backend/src/main/java/com/zerolatency/backend/service/UserService.java:[213,17] cannot find symbol
[ERROR]   symbol:   method getEmailVerificationToken()
[ERROR]   location: variable user of type com.zerolatency.backend.model.User
[ERROR] /C:/Users/Vu/personalProject/ZeroLatency/backend/src/main/java/com/zerolatency/backend/service/UserService.java:[214,56] cannot find symbol
[ERROR]   symbol:   method getEmailVerificationToken()
[ERROR]   location: variable user of type com.zerolatency.backend.model.User
[ERROR] -> [Help 1]
[ERROR] 
[ERROR] To see the full stack trace of the errors, re-run Maven with the -e switch.
[ERROR] Re-run Maven using the -X switch to enable full debug logging.
[ERROR] 
[ERROR] For more information about the errors and possible solutions, please read the following articles:
[ERROR] [Help 1] http://cwiki.apache.org/confluence/display/MAVEN/MojoFailureException
